<?xml version="1.0"?>
<testsuite tests="0" errors="0" failures="0" timestamp="" time="0"/>
