<?xml version="1.0"?>
<testsuite tests="1" errors="1" failures="1" timestamp="2014-03-04T20:37:06+00:00" time="3.0">
  <testcase name="Clicking on the first template shows the compose screen." time="3.0">
    <failure message="Clicking on the first template shows the compose screen." type="Fail"/>
    <system-out>target.frontMostApp().mainWindow().tableViews()["Message Templates Table"].cells()[0].tap()</system-out>
    <error message="AssertionException: &quot;Expected &lt;The following is a test of the Edmonds Community College Mass Notification System. The following is a test of the Edmonds Community College Mass Notification System. If this was an actual emergency, you would receive essential news and information.&gt; but received &lt;An intruder has been spotted on campus&gt;&quot;" type="Error"/>
    <system-out>UIATarget: name:iPhone Simulator rect:{{0, 0}, {320, 568}} 
View Dump: 
[
  {
    "LogType": "Debug",
    "Message": "UIAApplication: name:InformaCast rect:{{0, 20}, {320, 548}}",
    "Screenshot": "A803396E-5DA2-4802-B2D8-2BB4ACC3B225",
    "Timestamp": "2014-03-04T20:37:09+00:00",
    "Type": 0,
    "children": [
      {
        "LogType": "Debug",
        "Message": "UIAWindow: rect:{{0, 0}, {320, 568}}",
        "Screenshot": "88296D7F-533F-4E2B-BD09-AC0958CC9FD7",
        "Timestamp": "2014-03-04T20:37:09+00:00",
        "Type": 0,
        "children": [
          {
            "LogType": "Debug",
            "Message": "UIANavigationBar: name:Compose rect:{{0, 20}, {320, 44}}",
            "Screenshot": "159EED56-52FB-43A4-866A-2D18781FBD8C",
            "Timestamp": "2014-03-04T20:37:09+00:00",
            "Type": 0,
            "children": [
              {
                "LogType": "Debug",
                "Message": "UIAImage: rect:{{0, 0}, {320, 64}}",
                "Screenshot": "1C209DDD-A19A-46FF-9BC1-B8107AD0D212",
                "Timestamp": "2014-03-04T20:37:09+00:00",
                "Type": 0,
                "children": [
                  {
                    "LogType": "Debug",
                    "Message": "UIAImage: rect:{{0, 64}, {320, 0}}",
                    "Screenshot": "2FAD6EC1-0CCB-400B-8BC3-BE854DEA4726",
                    "Timestamp": "2014-03-04T20:37:09+00:00",
                    "Type": 0,
                    "children": [

                    ]
                  }
                ]
              },
              {
                "LogType": "Debug",
                "Message": "UIAStaticText: name:Compose value:Compose rect:{{121, 28}, {78, 27}}",
                "Screenshot": "2BFB07C2-8B86-4D39-8126-EF3FA794CC05",
                "Timestamp": "2014-03-04T20:37:09+00:00",
                "Type": 0,
                "children": [

                ]
              },
              {
                "LogType": "Debug",
                "Message": "UIAButton: name:Notifications rect:{{-54, 28}, {54, 30}}",
                "Timestamp": "2014-03-04T20:37:09+00:00",
                "Type": 0,
                "children": [
                  {
                    "LogType": "Debug",
                    "Message": "UIAStaticText: name:Notifications value:Notifications rect:{{-35, 30}, {35, 22}}",
                    "Timestamp": "2014-03-04T20:37:09+00:00",
                    "Type": 0,
                    "children": [

                    ]
                  }
                ]
              },
              {
                "LogType": "Debug",
                "Message": "UIAButton: name:Back rect:{{8, 26}, {55, 30}}",
                "Screenshot": "F1C9E660-3182-4AB0-9DE6-A7E44D288F62",
                "Timestamp": "2014-03-04T20:37:09+00:00",
                "Type": 0,
                "children": [

                ]
              },
              {
                "LogType": "Debug",
                "Message": "UIAButton: name:Cancel rect:{{8, 28}, {50, 30}}",
                "Screenshot": "12A898CF-48AE-4A92-9D38-2DFB75F4498E",
                "Timestamp": "2014-03-04T20:37:09+00:00",
                "Type": 0,
                "children": [
                  {
                    "LogType": "Debug",
                    "Message": "UIAStaticText: name:Cancel value:Cancel rect:{{8, 32}, {50, 21}}",
                    "Screenshot": "566F8694-6C1B-42C7-9791-F043913D6428",
                    "Timestamp": "2014-03-04T20:37:09+00:00",
                    "Type": 0,
                    "children": [

                    ]
                  }
                ]
              },
              {
                "LogType": "Debug",
                "Message": "UIAButton: name:UINavigationBarBackIndicatorDefault.png rect:{{8, 32}, {12, 20}}",
                "Screenshot": "F9430908-BFBF-4EC4-92F8-6B148DA9D279",
                "Timestamp": "2014-03-04T20:37:09+00:00",
                "Type": 0,
                "children": [

                ]
              },
              {
                "LogType": "Debug",
                "Message": "UIAStaticText: name:Select Template value:Select Template rect:{{27, 28}, {126, 27}}",
                "Screenshot": "BB7E8447-17CC-4A04-9635-E31F893B4E00",
                "Timestamp": "2014-03-04T20:37:09+00:00",
                "Type": 0,
                "children": [
                  {
                    "LogType": "Debug",
                    "Message": "UIAStaticText: name:Select Template value:Select Template rect:{{27, 28}, {126, 24}}",
                    "Screenshot": "B62BD658-942D-4E94-B94A-54D53876488A",
                    "Timestamp": "2014-03-04T20:37:09+00:00",
                    "Type": 0,
                    "children": [

                    ]
                  }
                ]
              },
              {
                "LogType": "Debug",
                "Message": "UIAButton: name:Send rect:{{274, 28}, {38, 30}}",
                "Screenshot": "EE982447-A912-426B-8867-905096F88EEE",
                "Timestamp": "2014-03-04T20:37:09+00:00",
                "Type": 0,
                "children": [

                ]
              }
            ]
          },
          {
            "LogType": "Debug",
            "Message": "UIATableView: name:Message Templates Table value:rows 1 to 4 of 4 rect:{{-96, 64}, {320, 504}}",
            "Screenshot": "B5753812-ADC1-4DDF-848A-042CC0F2EE9E",
            "Timestamp": "2014-03-04T20:37:09+00:00",
            "Type": 0,
            "children": [
              {
                "LogType": "Debug",
                "Message": "UIATableCell: name:Intruder Alert, An intruder has been spotted on campus, Notice. An intruder has been spotted on campus heading towards the  recreation center.  Please be advised and stay tuned for further updates. value:1 rect:{{-96, 64}, {320, 90}}",
                "Screenshot": "23CD05E0-870C-42B9-8794-FFF5993AB26F",
                "Timestamp": "2014-03-04T20:37:09+00:00",
                "Type": 0,
                "children": [
                  {
                    "LogType": "Debug",
                    "Message": "UIAStaticText: name:Intruder Alert, An intruder has been spotted on campus, Notice. An intruder has been spotted on campus heading towards the  recreation center.  Please be advised and stay tuned for further updates. value: rect:{{-96, 64}, {320, 90}}",
                    "Screenshot": "C2F8D9F0-8BFE-487F-8951-7A821B049731",
                    "Timestamp": "2014-03-04T20:37:09+00:00",
                    "Type": 0,
                    "children": [

                    ]
                  }
                ]
              },
              {
                "LogType": "Debug",
                "Message": "UIATableCell: name:The following is a test of the Edmonds Community College Mass Notification System. The following is a test of the Edmonds Community College , The following is a test of the Edmonds Community College Mass Notification System. The following is a test of the Edmonds Community College Mass Notification System. If this was an actual emergency, you would receive essential news and information., The following is a test of the Edmonds Community College Mass Notification System. The following is a test of the Edmonds Community College Mass Notification System. If this was an actual emergency, you would receive essential news and information. value: rect:{{-96, 154}, {320, 90}}",
                "Screenshot": "CFD4108B-3CAD-4221-8233-059B60A62458",
                "Timestamp": "2014-03-04T20:37:09+00:00",
                "Type": 0,
                "children": [
                  {
                    "LogType": "Debug",
                    "Message": "UIAStaticText: name:The following is a test of the Edmonds Community College Mass Notification System. The following is a test of the Edmonds Community College , The following is a test of the Edmonds Community College Mass Notification System. The following is a test of the Edmonds Community College Mass Notification System. If this was an actual emergency, you would receive essential news and information., The following is a test of the Edmonds Community College Mass Notification System. The following is a test of the Edmonds Community College Mass Notification System. If this was an actual emergency, you would receive essential news and information. value: rect:{{-96, 154}, {320, 90}}",
                    "Screenshot": "617F00FC-7E28-4CD3-90CC-ECB9AD7F3551",
                    "Timestamp": "2014-03-04T20:37:09+00:00",
                    "Type": 0,
                    "children": [

                    ]
                  }
                ]
              },
              {
                "LogType": "Debug",
                "Message": "UIATableCell: name:What would you like this friday?, What would you like this friday?, Please take a second to confirm what you would like to eat this friday.  If you have any allergies, please send your requests to:  admin@company.com value: rect:{{-96, 244}, {320, 90}}",
                "Screenshot": "2DE2BC3B-5538-42F8-B903-B070EFC9FEAD",
                "Timestamp": "2014-03-04T20:37:09+00:00",
                "Type": 0,
                "children": [
                  {
                    "LogType": "Debug",
                    "Message": "UIAStaticText: name:What would you like this friday?, What would you like this friday?, Please take a second to confirm what you would like to eat this friday.  If you have any allergies, please send your requests to:  admin@company.com value: rect:{{-96, 244}, {320, 90}}",
                    "Screenshot": "E146EE0F-3515-4665-8958-554600F3C731",
                    "Timestamp": "2014-03-04T20:37:09+00:00",
                    "Type": 0,
                    "children": [

                    ]
                  }
                ]
              },
              {
                "LogType": "Debug",
                "Message": "UIATableCell: name:Weather Alert, Hail warning until 8PM, THE NATIONAL WEATHER SERVICE IN MADISON HAS ISSUED A  * HAIL WARNING FOR...   EASTERN DANE COUNTY IN WISCONSIN...   NORTHEN DANE COUNTY IN WISCONSIN...  * UNTIL 8 PM CDT value: rect:{{-96, 334}, {320, 90}}",
                "Screenshot": "DA4DA586-8B9D-41C2-92EB-FED37037E0F8",
                "Timestamp": "2014-03-04T20:37:09+00:00",
                "Type": 0,
                "children": [
                  {
                    "LogType": "Debug",
                    "Message": "UIAStaticText: name:Weather Alert, Hail warning until 8PM, THE NATIONAL WEATHER SERVICE IN MADISON HAS ISSUED A  * HAIL WARNING FOR...   EASTERN DANE COUNTY IN WISCONSIN...   NORTHEN DANE COUNTY IN WISCONSIN...  * UNTIL 8 PM CDT value: rect:{{-96, 334}, {320, 90}}",
                    "Screenshot": "4D6DD5DC-6D3E-4067-B3E4-3994B4D4800E",
                    "Timestamp": "2014-03-04T20:37:09+00:00",
                    "Type": 0,
                    "children": [

                    ]
                  }
                ]
              }
            ]
          },
          {
            "LogType": "Debug",
            "Message": "UIAImage: name:UINavigationVerticalColumnShadow.png rect:{{-9, 0}, {9, 568}}",
            "Timestamp": "2014-03-04T20:37:09+00:00",
            "Type": 0,
            "children": [

            ]
          },
          {
            "LogType": "Debug",
            "Message": "UIATableView: name:Compose Table View value:rows 1 to 6 of 8 rect:{{0, 0}, {320, 568}}",
            "Screenshot": "551A88F2-9E00-4ABF-8D03-3F245EEED42D",
            "Timestamp": "2014-03-04T20:37:09+00:00",
            "Type": 0,
            "children": [
              {
                "LogType": "Debug",
                "Message": "UIATableGroup: name:SUBJECT rect:{{0, 64}, {320, 55}}",
                "Screenshot": "53833C2A-5662-4AAF-9CBD-C69A2AFF8AD9",
                "Timestamp": "2014-03-04T20:37:09+00:00",
                "Type": 0,
                "children": [
                  {
                    "LogType": "Debug",
                    "Message": "UIAElement: name:SUBJECT rect:{{0, 64}, {320, 55}}",
                    "Screenshot": "A53031DC-15A6-4BBB-B56E-ED33953633A3",
                    "Timestamp": "2014-03-04T20:37:09+00:00",
                    "Type": 0,
                    "children": [

                    ]
                  }
                ]
              },
              {
                "LogType": "Debug",
                "Message": "UIATableCell: name:Subject Text View value: rect:{{0, 119}, {320, 67}}",
                "Screenshot": "F420E8F0-50EC-4135-A36A-B1F457A7BF14",
                "Timestamp": "2014-03-04T20:37:09+00:00",
                "Type": 0,
                "children": [
                  {
                    "LogType": "Debug",
                    "Message": "UIATextView: name:Subject Text View value:An intruder has been spotted on campus rect:{{20, 127}, {280, 50}}",
                    "Screenshot": "46C872C0-E3EC-433D-966A-5BB8CA412E0B",
                    "Timestamp": "2014-03-04T20:37:09+00:00",
                    "Type": 0,
                    "children": [

                    ]
                  }
                ]
              },
              {
                "LogType": "Debug",
                "Message": "UIATableGroup: name:RECIPIENTS rect:{{0, 196}, {320, 38}}",
                "Screenshot": "614B4B9E-2891-43C9-8F8A-06B9D3853974",
                "Timestamp": "2014-03-04T20:37:09+00:00",
                "Type": 0,
                "children": [
                  {
                    "LogType": "Debug",
                    "Message": "UIAElement: name:RECIPIENTS rect:{{0, 196}, {320, 38}}",
                    "Screenshot": "AFB432FD-4B15-4038-82AB-BD05BB13215D",
                    "Timestamp": "2014-03-04T20:37:09+00:00",
                    "Type": 0,
                    "children": [

                    ]
                  }
                ]
              },
              {
                "LogType": "Debug",
                "Message": "UIATableCell: value: rect:{{0, 234}, {320, 49}}",
                "Screenshot": "EABDD25D-01EF-4B98-9E78-4C3DC90F9290",
                "Timestamp": "2014-03-04T20:37:09+00:00",
                "Type": 0,
                "children": [
                  {
                    "LogType": "Debug",
                    "Message": "UIAStaticText: name:Security value:Security rect:{{32, 242}, {69, 31}}",
                    "Screenshot": "1DE3B41C-E398-415A-A901-D1D2E54136C8",
                    "Timestamp": "2014-03-04T20:37:09+00:00",
                    "Type": 0,
                    "children": [

                    ]
                  },
                  {
                    "LogType": "Debug",
                    "Message": "UIAStaticText: name:Students value:Students rect:{{105, 242}, {75, 31}}",
                    "Screenshot": "90120C26-3C89-49F0-8C24-36DD810535B7",
                    "Timestamp": "2014-03-04T20:37:09+00:00",
                    "Type": 0,
                    "children": [

                    ]
                  },
                  {
                    "LogType": "Debug",
                    "Message": "UIATextField: value:  rect:{{182, 242}, {75, 31}}",
                    "Screenshot": "23419D92-AB43-488D-8331-5E90ED5B40BE",
                    "Timestamp": "2014-03-04T20:37:09+00:00",
                    "Type": 0,
                    "children": [
                      {
                        "LogType": "Debug",
                        "Message": "UIATextField: value:  rect:{{182, 242}, {75, 31}}",
                        "Screenshot": "8FAEA89D-0A20-4354-BF17-1A0745273C91",
                        "Timestamp": "2014-03-04T20:37:09+00:00",
                        "Type": 0,
                        "children": [

                        ]
                      }
                    ]
                  }
                ]
              },
              {
                "LogType": "Debug",
                "Message": "UIATableGroup: name:CONFIRMATION rect:{{0, 292}, {320, 38}}",
                "Screenshot": "11D81913-C852-4D9A-955C-F6FCE48FC928",
                "Timestamp": "2014-03-04T20:37:09+00:00",
                "Type": 0,
                "children": [
                  {
                    "LogType": "Debug",
                    "Message": "UIAElement: name:CONFIRMATION rect:{{0, 292}, {320, 38}}",
                    "Screenshot": "14F4B006-DBDE-4235-A81A-37708658D561",
                    "Timestamp": "2014-03-04T20:37:09+00:00",
                    "Type": 0,
                    "children": [

                    ]
                  }
                ]
              },
              {
                "LogType": "Debug",
                "Message": "UIATableCell: name:Have you seen the intruder? value: rect:{{0, 330}, {320, 44}}",
                "Screenshot": "40013E1C-F992-49C2-A5F9-EE67DBA5285B",
                "Timestamp": "2014-03-04T20:37:09+00:00",
                "Type": 0,
                "children": [
                  {
                    "LogType": "Debug",
                    "Message": "UIAStaticText: name:Have you seen the intruder? value: rect:{{0, 330}, {320, 44}}",
                    "Screenshot": "B9C410A1-61E9-4AF6-AE9B-78DE1B1025EC",
                    "Timestamp": "2014-03-04T20:37:09+00:00",
                    "Type": 0,
                    "children": [

                    ]
                  }
                ]
              },
              {
                "LogType": "Debug",
                "Message": "UIATableGroup: name:BODY rect:{{0, 384}, {320, 38}}",
                "Screenshot": "82669029-860B-4DAF-A086-ED6F68A6ACF7",
                "Timestamp": "2014-03-04T20:37:09+00:00",
                "Type": 0,
                "children": [
                  {
                    "LogType": "Debug",
                    "Message": "UIAElement: name:BODY rect:{{0, 384}, {320, 38}}",
                    "Screenshot": "DE1CFB9C-148D-4B18-B901-7AA7B89C85CA",
                    "Timestamp": "2014-03-04T20:37:09+00:00",
                    "Type": 0,
                    "children": [

                    ]
                  }
                ]
              },
              {
                "LogType": "Debug",
                "Message": "UIATableCell: value: rect:{{0, 422}, {320, 109}}",
                "Screenshot": "7E4B5913-5C2D-4420-8434-AF179EB487F8",
                "Timestamp": "2014-03-04T20:37:09+00:00",
                "Type": 0,
                "children": [
                  {
                    "LogType": "Debug",
                    "Message": "UIATextView: value:Notice. An intruder has been spotted on campus heading towards the  recreation center.  Please be advised and stay tuned for further updates. rect:{{20, 428}, {280, 96}}",
                    "Screenshot": "0403F8CA-4B18-4A0E-A81D-24C7EEB64848",
                    "Timestamp": "2014-03-04T20:37:09+00:00",
                    "Type": 0,
                    "children": [

                    ]
                  }
                ]
              },
              {
                "LogType": "Debug",
                "Message": "UIATableGroup: name:IMAGE rect:{{0, 540}, {320, 38}}",
                "Screenshot": "88852DD2-C348-4546-8431-C0FF3BB215C6",
                "Timestamp": "2014-03-04T20:37:09+00:00",
                "Type": 0,
                "children": [
                  {
                    "LogType": "Debug",
                    "Message": "UIAElement: name:IMAGE rect:{{0, 540}, {320, 38}}",
                    "Screenshot": "6AD54A57-A03B-4A53-84B7-BA685A8F32C1",
                    "Timestamp": "2014-03-04T20:37:09+00:00",
                    "Type": 0,
                    "children": [

                    ]
                  }
                ]
              },
              {
                "LogType": "Debug",
                "Message": "UIATableCell: name:No image available value: rect:{{0, 578}, {320, 180}}",
                "Timestamp": "2014-03-04T20:37:09+00:00",
                "Type": 0,
                "children": [
                  {
                    "LogType": "Debug",
                    "Message": "UIAStaticText: name:No image available value: rect:{{0, 578}, {320, 180}}",
                    "Timestamp": "2014-03-04T20:37:09+00:00",
                    "Type": 0,
                    "children": [

                    ]
                  }
                ]
              },
              {
                "LogType": "Debug",
                "Message": "UIATableCell: name:Choose value: rect:{{0, 758}, {320, 43}}",
                "Timestamp": "2014-03-04T20:37:09+00:00",
                "Type": 0,
                "children": [
                  {
                    "LogType": "Debug",
                    "Message": "UIAButton: name:Choose rect:{{0, 0}, {136, 30}}",
                    "Screenshot": "8B1E5657-0DC2-45A8-9630-2A3126F1A07F",
                    "Timestamp": "2014-03-04T20:37:09+00:00",
                    "Type": 0,
                    "children": [

                    ]
                  },
                  {
                    "LogType": "Debug",
                    "Message": "UIAButton: name:Remove rect:{{0, 0}, {136, 30}}",
                    "Screenshot": "7440BC8A-BE14-4902-AA1C-7272883E156F",
                    "Timestamp": "2014-03-04T20:37:09+00:00",
                    "Type": 0,
                    "children": [

                    ]
                  }
                ]
              },
              {
                "LogType": "Debug",
                "Message": "UIATableGroup: name:Audio rect:{{0, 811}, {320, 38}}",
                "Timestamp": "2014-03-04T20:37:09+00:00",
                "Type": 0,
                "children": [
                  {
                    "LogType": "Debug",
                    "Message": "UIAStaticText: name:Audio rect:{{0, 811}, {320, 38}}",
                    "Timestamp": "2014-03-04T20:37:09+00:00",
                    "Type": 0,
                    "children": [

                    ]
                  }
                ]
              },
              {
                "LogType": "Debug",
                "Message": "UIATableCell: name:0:00, 0:14 value: rect:{{0, 848}, {320, 139}}",
                "Timestamp": "2014-03-04T20:37:09+00:00",
                "Type": 0,
                "children": [
                  {
                    "LogType": "Debug",
                    "Message": "UIAStaticText: name:0:00, 0:14 value: rect:{{0, 848}, {320, 139}}",
                    "Timestamp": "2014-03-04T20:37:09+00:00",
                    "Type": 0,
                    "children": [

                    ]
                  },
                  {
                    "LogType": "Debug",
                    "Message": "UIAButton: name:play button rect:{{0, 0}, {23, 28}}",
                    "Screenshot": "82CC182A-FBE5-4B8D-872F-15542947B944",
                    "Timestamp": "2014-03-04T20:37:09+00:00",
                    "Type": 0,
                    "children": [

                    ]
                  },
                  {
                    "LogType": "Debug",
                    "Message": "UIASlider: value:0% rect:{{0, 0}, {129, 34}}",
                    "Screenshot": "B882401D-EC26-4F3B-A0A2-3B472E82082E",
                    "Timestamp": "2014-03-04T20:37:09+00:00",
                    "Type": 0,
                    "children": [

                    ]
                  },
                  {
                    "LogType": "Debug",
                    "Message": "UIASlider: value:100% rect:{{0, 0}, {192, 34}}",
                    "Screenshot": "C9BEFA36-4DE9-495A-A4CB-AF180CBFF971",
                    "Timestamp": "2014-03-04T20:37:09+00:00",
                    "Type": 0,
                    "children": [

                    ]
                  }
                ]
              },
              {
                "LogType": "Debug",
                "Message": "UIATableCell: name:Record value: rect:{{0, 988}, {320, 43}}",
                "Timestamp": "2014-03-04T20:37:09+00:00",
                "Type": 0,
                "children": [
                  {
                    "LogType": "Debug",
                    "Message": "UIAButton: name:Record rect:{{0, 0}, {136, 30}}",
                    "Screenshot": "D3B34FAF-4AAC-45A0-B2FC-A123A153F83F",
                    "Timestamp": "2014-03-04T20:37:09+00:00",
                    "Type": 0,
                    "children": [

                    ]
                  },
                  {
                    "LogType": "Debug",
                    "Message": "UIAButton: name:Remove rect:{{0, 0}, {136, 30}}",
                    "Screenshot": "B8EFCA7F-4CF2-42D1-A22F-B8E4D3C57BE7",
                    "Timestamp": "2014-03-04T20:37:09+00:00",
                    "Type": 0,
                    "children": [

                    ]
                  }
                ]
              }
            ]
          }
        ]
      },
      {
        "LogType": "Debug",
        "Message": "UIAWindow: rect:{{0, 0}, {320, 568}}",
        "Screenshot": "30EF0EC3-0B16-4C4E-8AAB-44EA51AF053C",
        "Timestamp": "2014-03-04T20:37:09+00:00",
        "Type": 0,
        "children": [
          {
            "LogType": "Debug",
            "Message": "UIAStatusBar: rect:{{0, 0}, {320, 20}}",
            "Screenshot": "C912E855-A577-441D-8816-3F58797C07D9",
            "Timestamp": "2014-03-04T20:37:09+00:00",
            "Type": 0,
            "children": [
              {
                "LogType": "Debug",
                "Message": "UIAElement: name:Swipe down with three fingers to reveal the notification center., Swipe up with three fingers to reveal the control center, Double-tap to scroll to top rect:{{6, 0}, {38, 20}}",
                "Screenshot": "81EE41EF-6B08-4085-A1EC-CB0A453B7DE2",
                "Timestamp": "2014-03-04T20:37:09+00:00",
                "Type": 0,
                "children": [

                ]
              },
              {
                "LogType": "Debug",
                "Message": "UIAElement: name:3 of 3 Wi-Fi bars rect:{{49, 0}, {13, 20}}",
                "Screenshot": "5B102B96-DB34-4C29-A838-2FE1850B2612",
                "Timestamp": "2014-03-04T20:37:09+00:00",
                "Type": 0,
                "children": [

                ]
              },
              {
                "LogType": "Debug",
                "Message": "UIAElement: name:Network connection in progress rect:{{68, 0}, {10, 20}}",
                "Screenshot": "B683AEAA-0260-43A7-A478-8ED70B755EC0",
                "Timestamp": "2014-03-04T20:37:09+00:00",
                "Type": 0,
                "children": [

                ]
              },
              {
                "LogType": "Debug",
                "Message": "UIAElement: name:2:37 PM rect:{{137, 0}, {47, 20}}",
                "Screenshot": "F1A86B82-7F63-40B0-9F3E-073EADBBBE8F",
                "Timestamp": "2014-03-04T20:37:09+00:00",
                "Type": 0,
                "children": [

                ]
              },
              {
                "LogType": "Debug",
                "Message": "UIAElement: name:Network connection in progress rect:{{274, 0}, {10, 20}}",
                "Screenshot": "76165A58-7AAB-4D33-A6A4-658DD2EB2D1A",
                "Timestamp": "2014-03-04T20:37:09+00:00",
                "Type": 0,
                "children": [

                ]
              },
              {
                "LogType": "Debug",
                "Message": "UIAElement: name:100% battery power rect:{{290, 0}, {25, 20}}",
                "Screenshot": "4AB9C5D7-F8EC-4ECF-860D-B84096727E35",
                "Timestamp": "2014-03-04T20:37:09+00:00",
                "Type": 0,
                "children": [

                ]
              }
            ]
          }
        ]
      },
      {
        "LogType": "Debug",
        "Message": "UIAWindow: rect:{{0, 0}, {320, 568}}",
        "Screenshot": "17A8FD1A-9485-41CD-9AEF-4CE9EC713438",
        "Timestamp": "2014-03-04T20:37:09+00:00",
        "Type": 0,
        "children": [

        ]
      }
    ]
  }
]
</system-out>
    <system-out>target.captureRectWithName("{origin:{x:0.00,y:0.00}, size:{height:568.00,width:320.00}}", "Clicking on the first template shows the compose screen.-fail")</system-out>
    <system-out>3696C5B1-5177-4A8A-8FAD-9D7EEBE4B9C8</system-out>
  </testcase>
</testsuite>
